// Jest Snapshot v1, https://goo.gl/fbAQLP

exports[`MovieTile component tests renders MovieTile component 1`] = `
<div>
  <div
    class="movie-tile"
  >
    <div
      class="movie-card"
    >
      <div>
        <img
          alt="expand options"
          aria-label="expand options"
          class="movie-expand-options-icon movie options"
          src="images/options-selector/threeDotsExpandOptionsIcon.png"
        />
      </div>
      <img
        alt="movie card"
        aria-label="movie card"
        src="/images/movies-list/bohemianRhapsody.png"
      />
      <div
        class="movie-name-year-wrapper"
      >
        <p>
          Fifty Shades Freed
        </p>
        <p
          class="movie-release-year"
        >
          2018
        </p>
      </div>
      <p
        class="movie-genres"
      >
        Drama, Romance
      </p>
    </div>
    <div
      class="movie-card"
    >
      <div>
        <img
          alt="expand options"
          aria-label="expand options"
          class="movie-expand-options-icon movie options"
          src="images/options-selector/threeDotsExpandOptionsIcon.png"
        />
      </div>
      <img
        alt="movie card"
        aria-label="movie card"
        src="/images/movies-list/bohemianRhapsody.png"
      />
      <div
        class="movie-name-year-wrapper"
      >
        <p>
          Zootopia
        </p>
        <p
          class="movie-release-year"
        >
          2016
        </p>
      </div>
      <p
        class="movie-genres"
      >
        Animation, Adventure, Family, Comedy
      </p>
    </div>
    <div
      class="movie-card"
    >
      <div>
        <img
          alt="expand options"
          aria-label="expand options"
          class="movie-expand-options-icon movie options"
          src="images/options-selector/threeDotsExpandOptionsIcon.png"
        />
      </div>
      <img
        alt="movie card"
        aria-label="movie card"
        src="/images/movies-list/bohemianRhapsody.png"
      />
      <div
        class="movie-name-year-wrapper"
      >
        <p>
          Star Wars: The Last Jedi
        </p>
        <p
          class="movie-release-year"
        >
          2017
        </p>
      </div>
      <p
        class="movie-genres"
      >
        Fantasy, Adventure, Science Fiction
      </p>
    </div>
    <div
      class="movie-card"
    >
      <div>
        <img
          alt="expand options"
          aria-label="expand options"
          class="movie-expand-options-icon movie options"
          src="images/options-selector/threeDotsExpandOptionsIcon.png"
        />
      </div>
      <img
        alt="movie card"
        aria-label="movie card"
        src="/images/movies-list/bohemianRhapsody.png"
      />
      <div
        class="movie-name-year-wrapper"
      >
        <p>
          Black Panther
        </p>
        <p
          class="movie-release-year"
        >
          2018
        </p>
      </div>
      <p
        class="movie-genres"
      >
        Action, Adventure, Fantasy, Science Fiction
      </p>
    </div>
    <div
      class="movie-card"
    >
      <div>
        <img
          alt="expand options"
          aria-label="expand options"
          class="movie-expand-options-icon movie options"
          src="images/options-selector/threeDotsExpandOptionsIcon.png"
        />
      </div>
      <img
        alt="movie card"
        aria-label="movie card"
        src="/images/movies-list/bohemianRhapsody.png"
      />
      <div
        class="movie-name-year-wrapper"
      >
        <p>
          Coco
        </p>
        <p
          class="movie-release-year"
        >
          2017
        </p>
      </div>
      <p
        class="movie-genres"
      >
        Adventure, Comedy, Family, Animation
      </p>
    </div>
    <div
      class="movie-card"
    >
      <div>
        <img
          alt="expand options"
          aria-label="expand options"
          class="movie-expand-options-icon movie options"
          src="images/options-selector/threeDotsExpandOptionsIcon.png"
        />
      </div>
      <img
        alt="movie card"
        aria-label="movie card"
        src="/images/movies-list/bohemianRhapsody.png"
      />
      <div
        class="movie-name-year-wrapper"
      >
        <p>
          Ready Player One
        </p>
        <p
          class="movie-release-year"
        >
          2018
        </p>
      </div>
      <p
        class="movie-genres"
      >
        Adventure, Science Fiction, Action
      </p>
    </div>
    <div
      class="movie-card"
    >
      <div>
        <img
          alt="expand options"
          aria-label="expand options"
          class="movie-expand-options-icon movie options"
          src="images/options-selector/threeDotsExpandOptionsIcon.png"
        />
      </div>
      <img
        alt="movie card"
        aria-label="movie card"
        src="/images/movies-list/bohemianRhapsody.png"
      />
      <div
        class="movie-name-year-wrapper"
      >
        <p>
          Tomb Raider
        </p>
        <p
          class="movie-release-year"
        >
          2018
        </p>
      </div>
      <p
        class="movie-genres"
      >
        Action, Adventure
      </p>
    </div>
    <div
      class="movie-card"
    >
      <div>
        <img
          alt="expand options"
          aria-label="expand options"
          class="movie-expand-options-icon movie options"
          src="images/options-selector/threeDotsExpandOptionsIcon.png"
        />
      </div>
      <img
        alt="movie card"
        aria-label="movie card"
        src="/images/movies-list/bohemianRhapsody.png"
      />
      <div
        class="movie-name-year-wrapper"
      >
        <p>
          Thor: Ragnarok
        </p>
        <p
          class="movie-release-year"
        >
          2017
        </p>
      </div>
      <p
        class="movie-genres"
      >
        Action, Adventure, Fantasy
      </p>
    </div>
    <div
      class="movie-card"
    >
      <div>
        <img
          alt="expand options"
          aria-label="expand options"
          class="movie-expand-options-icon movie options"
          src="images/options-selector/threeDotsExpandOptionsIcon.png"
        />
      </div>
      <img
        alt="movie card"
        aria-label="movie card"
        src="/images/movies-list/bohemianRhapsody.png"
      />
      <div
        class="movie-name-year-wrapper"
      >
        <p>
          Beauty and the Beast
        </p>
        <p
          class="movie-release-year"
        >
          2017
        </p>
      </div>
      <p
        class="movie-genres"
      >
        Family, Fantasy, Romance
      </p>
    </div>
    <div
      class="movie-card"
    >
      <div>
        <img
          alt="expand options"
          aria-label="expand options"
          class="movie-expand-options-icon movie options"
          src="images/options-selector/threeDotsExpandOptionsIcon.png"
        />
      </div>
      <img
        alt="movie card"
        aria-label="movie card"
        src="/images/movies-list/bohemianRhapsody.png"
      />
      <div
        class="movie-name-year-wrapper"
      >
        <p>
          The Shape of Water
        </p>
        <p
          class="movie-release-year"
        >
          2017
        </p>
      </div>
      <p
        class="movie-genres"
      >
        Drama, Fantasy, Romance
      </p>
    </div>
  </div>
</div>
`;
