// Jest Snapshot v1, https://goo.gl/fbAQLP

exports[`Input component tests renders checkbox input 1`] = `
<div>
  <div
    class="input-field"
  >
    <button
      class="button dropdown-opener"
      type="dropdown-opener"
    >
      Select Genre
    </button>
  </div>
</div>
`;

exports[`Input component tests renders text input 1`] = `
<div>
  <div
    class="input-field"
  >
    <label
      for="movieTitle"
    >
      Title
    </label>
    <input
      class="title"
      id="movieTitle"
      name="movieTitle"
      type="text"
      value="Star Wars: The Last Jedi"
    />
  </div>
</div>
`;

exports[`Input component tests renders textarea input 1`] = `
<div>
  <div
    class="input-field textarea"
  >
    <label
      for="movieOverview"
    >
      Overview
    </label>
    <textarea
      class="textarea"
      id="movieOverview"
      name="movieOverview"
    >
      Rey develops her newly discovered abilities with the guidance of Luke Skywalker, who is unsettled by the strength of her powers. Meanwhile, the Resistance prepares to do battle with the First Order.
    </textarea>
  </div>
</div>
`;
