// Jest Snapshot v1, https://goo.gl/fbAQLP

exports[`OptionsSelector component tests renders OptionsSelector component 1`] = `
<div>
  <div>
    <img
      alt="expand options"
      aria-label="expand options"
      class="movie-expand-options-icon"
      src="images/options-selector/threeDotsExpandOptionsIcon.png"
    />
  </div>
</div>
`;
