// Jest Snapshot v1, https://goo.gl/fbAQLP

exports[`MovieForm component tests renders empty MovieForm component 1`] = `
<div>
  <form
    action="#"
    class="movie-form"
  >
    <div
      class="movie-form-content"
    >
      <div
        class="input-wrapper"
      >
        <label
          for="movieTitle"
        >
          Title
        </label>
        <input
          class="text-input"
          id="movieTitle"
          name="movieTitle"
          placeholder="Title"
          type="text"
          value=""
        />
      </div>
      <div
        class="input-wrapper"
      >
        <label
          for="movieReleaseDate"
        >
          Release date
        </label>
        <input
          class="text-input"
          id="movieReleaseDate"
          name="movieReleaseDate"
          type="date"
          value=""
        />
      </div>
      <div
        class="input-wrapper"
      >
        <label
          for="movieUrl"
        >
          Movie URL
        </label>
        <input
          class="text-input"
          id="movieUrl"
          name="movieUrl"
          placeholder="https://"
          type="text"
          value=""
        />
      </div>
      <div
        class="input-wrapper"
      >
        <label
          for="movieRating"
        >
          Rating
        </label>
        <input
          class="text-input"
          id="movieRating"
          name="movieRating"
          placeholder="7.8"
          type="text"
          value=""
        />
      </div>
      <div
        class="input-wrapper"
      >
        <button
          class="dropdown-opener"
          type="button"
        >
          Select Genres
        </button>
      </div>
      <div
        class="input-wrapper"
      >
        <label
          for="movieRuntime"
        >
          Runtime
        </label>
        <input
          class="text-input"
          id="movieRuntime"
          name="movieRuntime"
          placeholder="minutes"
          type="text"
          value=""
        />
      </div>
      <div
        class="input-wrapper textarea"
      >
        <label
          for="movieOverview"
        >
          Overview
        </label>
        <textarea
          class="text-area"
          id="movieOverview"
          name="movieOverview"
          placeholder="Movie description"
        />
      </div>
    </div>
    <div
      class="movie-form-confirmation-control"
    >
      <button
        class="button submit  "
        type="submit"
      >
        Reset
      </button>
      <button
        class="button submit  "
        type="submit"
      >
        Submit
      </button>
    </div>
  </form>
</div>
`;

exports[`MovieForm component tests renders empty MovieForm component with initial movie 1`] = `
<div>
  <form
    action="#"
    class="movie-form"
  >
    <div
      class="movie-form-content"
    >
      <div
        class="input-wrapper"
      >
        <label
          for="movieTitle"
        >
          Title
        </label>
        <input
          class="text-input"
          id="movieTitle"
          name="movieTitle"
          placeholder="Title"
          type="text"
          value=""
        />
      </div>
      <div
        class="input-wrapper"
      >
        <label
          for="movieReleaseDate"
        >
          Release date
        </label>
        <input
          class="text-input"
          id="movieReleaseDate"
          name="movieReleaseDate"
          type="date"
          value=""
        />
      </div>
      <div
        class="input-wrapper"
      >
        <label
          for="movieUrl"
        >
          Movie URL
        </label>
        <input
          class="text-input"
          id="movieUrl"
          name="movieUrl"
          placeholder="https://"
          type="text"
          value=""
        />
      </div>
      <div
        class="input-wrapper"
      >
        <label
          for="movieRating"
        >
          Rating
        </label>
        <input
          class="text-input"
          id="movieRating"
          name="movieRating"
          placeholder="7.8"
          type="text"
          value=""
        />
      </div>
      <div
        class="input-wrapper"
      >
        <button
          class="dropdown-opener"
          type="button"
        >
          Select Genres
        </button>
      </div>
      <div
        class="input-wrapper"
      >
        <label
          for="movieRuntime"
        >
          Runtime
        </label>
        <input
          class="text-input"
          id="movieRuntime"
          name="movieRuntime"
          placeholder="minutes"
          type="text"
          value=""
        />
      </div>
      <div
        class="input-wrapper textarea"
      >
        <label
          for="movieOverview"
        >
          Overview
        </label>
        <textarea
          class="text-area"
          id="movieOverview"
          name="movieOverview"
          placeholder="Movie description"
        />
      </div>
    </div>
    <div
      class="movie-form-confirmation-control"
    >
      <button
        class="button submit  "
        type="submit"
      >
        Reset
      </button>
      <button
        class="button submit  "
        type="submit"
      >
        Submit
      </button>
    </div>
  </form>
</div>
`;
