// Jest Snapshot v1, https://goo.gl/fbAQLP

exports[`Checkbox input component tests renders checkbox input with Formik 1`] = `
<div>
  <div>
    <div
      class="input-wrapper"
    >
      <label
        class="checkbox-input"
      >
        <input
          id="movieGenres"
          label="Animation"
          name="movieGenres"
          type="checkbox"
          value="Animation"
        />
        Animation
      </label>
    </div>
    <div
      class="input-wrapper"
    >
      <label
        class="checkbox-input"
      >
        <input
          id="movieGenres"
          label="Adventure"
          name="movieGenres"
          type="checkbox"
          value="Adventure"
        />
        Adventure
      </label>
    </div>
    <div
      class="input-wrapper"
    >
      <label
        class="checkbox-input"
      >
        <input
          id="movieGenres"
          label="Family"
          name="movieGenres"
          type="checkbox"
          value="Family"
        />
        Family
      </label>
    </div>
    <div
      class="input-wrapper"
    >
      <label
        class="checkbox-input"
      >
        <input
          id="movieGenres"
          label="Comedy"
          name="movieGenres"
          type="checkbox"
          value="Comedy"
        />
        Comedy
      </label>
    </div>
    <div
      class="input-wrapper"
    >
      <label
        class="checkbox-input"
      >
        <input
          id="movieGenres"
          label="Action"
          name="movieGenres"
          type="checkbox"
          value="Action"
        />
        Action
      </label>
    </div>
    <div
      class="input-wrapper"
    >
      <label
        class="checkbox-input"
      >
        <input
          id="movieGenres"
          label="Drama"
          name="movieGenres"
          type="checkbox"
          value="Drama"
        />
        Drama
      </label>
    </div>
    <div
      class="input-wrapper"
    >
      <label
        class="checkbox-input"
      >
        <input
          id="movieGenres"
          label="Horror"
          name="movieGenres"
          type="checkbox"
          value="Horror"
        />
        Horror
      </label>
    </div>
    <div
      class="input-wrapper"
    >
      <label
        class="checkbox-input"
      >
        <input
          id="movieGenres"
          label="Sci-Fi"
          name="movieGenres"
          type="checkbox"
          value="Sci-Fi"
        />
        Sci-Fi
      </label>
    </div>
  </div>
</div>
`;
