// Jest Snapshot v1, https://goo.gl/fbAQLP

exports[`MovieDetails component tests renders MovieDetails component 1`] = `
<div>
  <div
    class="movie-details"
  >
    <img
      alt="movie details"
      aria-label="movie details"
      class="movie-details-image"
      src="/images/movies-list/bohemianRhapsody.png"
    />
    <div
      class="movie-details-information"
    >
      <div
        class="movie-details-title-rating"
      >
        <p
          class="movie-details-title"
        >
          Fifty Shades Freed
        </p>
        <p
          class="movie-details-rating"
        >
          6.1
        </p>
      </div>
      <p
        class="movie-details-genres"
      >
        Drama, Romance
      </p>
      <div
        class="movie-details-year-duration"
      >
        <span
          class="movie-details-year"
        >
          2018
        </span>
        <span
          class="movie-details-duration"
        >
          1h 46min
        </span>
      </div>
      <p
        class="movie-details-description"
      >
        Believing they have left behind shadowy figures from their past, newlyweds Christian and Ana fully embrace an inextricable connection and shared life of luxury. But just as she steps into her role as Mrs. Grey and he relaxes into an unfamiliar stability, new threats could jeopardize their happy ending before it even begins.
      </p>
    </div>
  </div>
</div>
`;
